// Vitest Snapshot v1, https://vitest.dev/guide/snapshot.html

exports[`Checkout component > renders correctly 1`] = `
<div>
  <form
    class="bg0 p-t-75 p-b-85"
  >
    <div
      class="_spinnerContainer_d6a07c"
    >
      <div
        class="spinner-border"
        role="status"
      >
        <span
          class="visually-hidden"
        >
          Loading...
        </span>
      </div>
    </div>
    <div
      class="container loadingOverlay"
    >
      <div
        class="row"
      >
        <div
          class="col-lg-10 col-xl-7 m-lr-auto m-b-50"
        >
          <div
            class="m-l-25 m-r--38 m-lr-0-xl"
          >
            <div
              class="wrap-table-shopping-cart"
            >
              <table
                class="table-shopping-cart"
              >
                <thead>
                  <tr
                    class="table_head"
                  >
                    <th
                      class="column-1"
                    >
                      Product
                    </th>
                    <th
                      class="column-2"
                    />
                    <th
                      class="column-3"
                    >
                      Price
                    </th>
                    <th
                      class="column-4"
                    >
                      Quantity
                    </th>
                    <th
                      class="column-5"
                    >
                      Total
                    </th>
                  </tr>
                </thead>
                <tbody>
                  <tr
                    class="table_row"
                  >
                    <td
                      class="column-1"
                    >
                      <div
                        class="how-itemcart1"
                      >
                        <img
                          alt="IMG"
                          src="/images/product-01.jpg"
                        />
                      </div>
                    </td>
                    <td
                      class="column-2"
                    >
                      <div
                        class="row"
                      >
                        <span>
                           
                          Esprit Ruffle Shirt
                        </span>
                        <span>
                          Color: 
                          Red
                        </span>
                        <span>
                          Size: 
                          M
                        </span>
                      </div>
                    </td>
                    <td
                      class="column-3"
                    >
                      $ 
                      16.64
                    </td>
                    <td
                      class="column-4"
                    >
                      <div
                        class="wrap-num-product flex-w m-l-auto m-r-0"
                      >
                        <div
                          class="btn-num-product-down cl8 hov-btn3 trans-04 flex-c-m"
                        >
                          <i
                            class="fs-16 zmdi zmdi-minus"
                          />
                        </div>
                        <input
                          class="mtext-104 cl3 txt-center num-product"
                          name="quantity"
                          type="number"
                          value="2"
                        />
                        <div
                          class="btn-num-product-up cl8 hov-btn3 trans-04 flex-c-m"
                        >
                          <i
                            class="fs-16 zmdi zmdi-plus"
                          />
                        </div>
                      </div>
                    </td>
                    <td
                      class="column-5"
                    >
                      $
                       
                      33.28
                      <i
                        class="fs-16 hov-cl1 p-l-20 zmdi zmdi-delete"
                        style="cursor: pointer;"
                      />
                    </td>
                  </tr>
                  <tr
                    class="table_row"
                  >
                    <td
                      class="column-1"
                    >
                      <div
                        class="how-itemcart1"
                      >
                        <img
                          alt="IMG"
                          src="/images/product-03.jpg"
                        />
                      </div>
                    </td>
                    <td
                      class="column-2"
                    >
                      <div
                        class="row"
                      >
                        <span>
                           
                          Only Check Trouser
                        </span>
                        <span>
                          Color: 
                          Blue
                        </span>
                        <span>
                          Size: 
                          S
                        </span>
                      </div>
                    </td>
                    <td
                      class="column-3"
                    >
                      $ 
                      25.50
                    </td>
                    <td
                      class="column-4"
                    >
                      <div
                        class="wrap-num-product flex-w m-l-auto m-r-0"
                      >
                        <div
                          class="btn-num-product-down cl8 hov-btn3 trans-04 flex-c-m"
                        >
                          <i
                            class="fs-16 zmdi zmdi-minus"
                          />
                        </div>
                        <input
                          class="mtext-104 cl3 txt-center num-product"
                          name="quantity"
                          type="number"
                          value="3"
                        />
                        <div
                          class="btn-num-product-up cl8 hov-btn3 trans-04 flex-c-m"
                        >
                          <i
                            class="fs-16 zmdi zmdi-plus"
                          />
                        </div>
                      </div>
                    </td>
                    <td
                      class="column-5"
                    >
                      $
                       
                      76.50
                      <i
                        class="fs-16 hov-cl1 p-l-20 zmdi zmdi-delete"
                        style="cursor: pointer;"
                      />
                    </td>
                  </tr>
                </tbody>
              </table>
            </div>
          </div>
        </div>
        <div
          class="col-sm-10 col-lg-7 col-xl-5 m-lr-auto m-b-50"
        >
          <div
            class="bor10 p-lr-40 p-t-30 p-b-40 m-l-63 m-r-40 m-lr-0-xl p-lr-15-sm"
          >
            <h4
              class="mtext-109 cl2 p-b-30"
            >
              Cart Totals
            </h4>
            <div
              class="flex-w flex-t bor12 p-b-13"
            >
              <div
                class="size-208"
              >
                <span
                  class="stext-110 cl2"
                >
                  Subtotal:
                </span>
              </div>
              <div
                class="size-209"
              >
                <span
                  class="mtext-110 cl2"
                >
                  $ 
                  109.78
                </span>
              </div>
            </div>
            <div
              class="flex-w flex-t bor12 p-t-15 p-b-30"
            >
              <div
                class="size-208 w-full-ssm"
              >
                <span
                  class="stext-110 cl2"
                >
                  Shipping:
                </span>
              </div>
              <div
                class="size-209 p-r-18 p-r-0-sm w-full-ssm"
              >
                <p
                  class="stext-111 cl6 p-t-2"
                >
                  There are no shipping address selected. We ship only to Bulgaria by ECONT courier. Please select city and office of ECONT, or contact us if you need any help.
                </p>
                <div
                  class="p-t-15"
                >
                  <div
                    class="p-tb-10"
                  >
                    <select
                      class="stext-111 cl8 plh3 size-111 p-lr-15"
                      id="city"
                      name="city"
                    >
                      <option
                        disabled=""
                        value=""
                      >
                        Choose a city
                      </option>
                    </select>
                  </div>
                  <div
                    class="bor8 bg0 m-tb-10"
                  >
                    <input
                      class="stext-111 cl8 plh3 size-111 p-lr-15"
                      name="firstName"
                      placeholder="First Name"
                      type="text"
                      value=""
                    />
                  </div>
                  <div
                    class="bor8 bg0 m-tb-10"
                  >
                    <input
                      class="stext-111 cl8 plh3 size-111 p-lr-15"
                      name="lastName"
                      placeholder="Last Name"
                      type="text"
                      value=""
                    />
                  </div>
                  <div
                    class="bor8 bg0 m-tb-10"
                  >
                    <input
                      class="stext-111 cl8 plh3 size-111 p-lr-15"
                      name="phone"
                      placeholder="Phone"
                      type="text"
                      value=""
                    />
                  </div>
                </div>
              </div>
            </div>
            <div
              class="flex-w flex-t p-t-27 p-b-33"
            >
              <div
                class="size-208"
              >
                <span
                  class="mtext-101 cl2"
                >
                  Total:
                </span>
              </div>
              <div
                class="size-209 p-t-1"
              >
                <span
                  class="mtext-110 cl2"
                >
                  $ 
                  109.78
                </span>
              </div>
            </div>
            <button
              class="flex-c-m stext-101 cl0 size-116 bg3 bor14 hov-btn3 p-lr-15 trans-04 pointer"
            >
              Proceed to Checkout
            </button>
          </div>
        </div>
      </div>
    </div>
  </form>
</div>
`;
